Archive member included because of file (symbol)

c:/winavr-20100110/bin/../lib/gcc/avr/4.3.3/avr4\libgcc.a(_divmodhi4.o)
                              main.o (__divmodhi4)
c:/winavr-20100110/bin/../lib/gcc/avr/4.3.3/avr4\libgcc.a(_exit.o)
                              c:/winavr-20100110/bin/../lib/gcc/avr/4.3.3/../../../../avr/lib/avr4/crtm8.o (exit)
c:/winavr-20100110/bin/../lib/gcc/avr/4.3.3/avr4\libgcc.a(_copy_data.o)
                              usbdrv.o (__do_copy_data)
c:/winavr-20100110/bin/../lib/gcc/avr/4.3.3/avr4\libgcc.a(_clear_bss.o)
                              usbdrv.o (__do_clear_bss)
c:/winavr-20100110/bin/../lib/gcc/avr/4.3.3/avr4\libgcc.a(_udivmodhi4.o)
                              c:/winavr-20100110/bin/../lib/gcc/avr/4.3.3/avr4\libgcc.a(_divmodhi4.o) (__udivmodhi4)
c:/winavr-20100110/bin/../lib/gcc/avr/4.3.3/../../../../avr/lib/avr4\libc.a(memset.o)
                              main.o (memset)

Allocating common symbols
Common symbol       size              file

usbTxBuf            0xb               usbdrv.o
usbTxStatus1        0xc               usbdrv.o
usbDeviceAddr       0x1               usbdrv.o
usbRxToken          0x1               usbdrv.o
usbInputBufOffset   0x1               usbdrv.o
usbMsgPtr           0x2               usbdrv.o
usbRxLen            0x1               usbdrv.o
usbNewDeviceAddr    0x1               usbdrv.o
usbCurrentTok       0x1               usbdrv.o
usbConfiguration    0x1               usbdrv.o
usbRxBuf            0x16              usbdrv.o

Memory Configuration

Name             Origin             Length             Attributes
text             0x00000000         0x00002000         xr
data             0x00800060         0x0000ffa0         rw !x
eeprom           0x00810000         0x00010000         rw !x
fuse             0x00820000         0x00000400         rw !x
lock             0x00830000         0x00000400         rw !x
signature        0x00840000         0x00000400         rw !x
*default*        0x00000000         0xffffffff

Linker script and memory map

LOAD c:/winavr-20100110/bin/../lib/gcc/avr/4.3.3/../../../../avr/lib/avr4/crtm8.o
LOAD usbdrvasm.o
LOAD usbdrv.o
LOAD oddebug.o
LOAD main.o
LOAD c:/winavr-20100110/bin/../lib/gcc/avr/4.3.3/avr4\libgcc.a
LOAD c:/winavr-20100110/bin/../lib/gcc/avr/4.3.3/../../../../avr/lib/avr4\libc.a
LOAD c:/winavr-20100110/bin/../lib/gcc/avr/4.3.3/avr4\libgcc.a

.hash
 *(.hash)

.dynsym
 *(.dynsym)

.dynstr
 *(.dynstr)

.gnu.version
 *(.gnu.version)

.gnu.version_d
 *(.gnu.version_d)

.gnu.version_r
 *(.gnu.version_r)

.rel.init
 *(.rel.init)

.rela.init
 *(.rela.init)

.rel.text
 *(.rel.text)
 *(.rel.text.*)
 *(.rel.gnu.linkonce.t*)

.rela.text
 *(.rela.text)
 *(.rela.text.*)
 *(.rela.gnu.linkonce.t*)

.rel.fini
 *(.rel.fini)

.rela.fini
 *(.rela.fini)

.rel.rodata
 *(.rel.rodata)
 *(.rel.rodata.*)
 *(.rel.gnu.linkonce.r*)

.rela.rodata
 *(.rela.rodata)
 *(.rela.rodata.*)
 *(.rela.gnu.linkonce.r*)

.rel.data
 *(.rel.data)
 *(.rel.data.*)
 *(.rel.gnu.linkonce.d*)

.rela.data
 *(.rela.data)
 *(.rela.data.*)
 *(.rela.gnu.linkonce.d*)

.rel.ctors
 *(.rel.ctors)

.rela.ctors
 *(.rela.ctors)

.rel.dtors
 *(.rel.dtors)

.rela.dtors
 *(.rela.dtors)

.rel.got
 *(.rel.got)

.rela.got
 *(.rela.got)

.rel.bss
 *(.rel.bss)

.rela.bss
 *(.rela.bss)

.rel.plt
 *(.rel.plt)

.rela.plt
 *(.rela.plt)

.text           0x00000000      0xad6
 *(.vectors)
 .vectors       0x00000000       0x26 c:/winavr-20100110/bin/../lib/gcc/avr/4.3.3/../../../../avr/lib/avr4/crtm8.o
                0x00000000                __vectors
                0x00000000                __vector_default
 *(.vectors)
 *(.progmem.gcc*)
 *(.progmem*)
 .progmem.data  0x00000026       0x3c usbdrv.o
                0x00000026                usbDescriptorString0
                0x0000002a                usbDescriptorStringVendor
                0x0000004c                usbDescriptorStringDevice
 .progmem.data  0x00000062       0x84 main.o
                0x0000006a                columns
                0x00000062                modmask
                0x00000068                extrows
                0x000000e6                . = ALIGN (0x2)
                0x000000e6                __trampolines_start = .
 *(.trampolines)
 .trampolines   0x000000e6        0x0 linker stubs
 *(.trampolines*)
                0x000000e6                __trampolines_end = .
 *(.jumptables)
 *(.jumptables*)
 *(.lowtext)
 *(.lowtext*)
                0x000000e6                __ctors_start = .
 *(.ctors)
                0x000000e6                __ctors_end = .
                0x000000e6                __dtors_start = .
 *(.dtors)
                0x000000e6                __dtors_end = .
 SORT(*)(.ctors)
 SORT(*)(.dtors)
 *(.init0)
 .init0         0x000000e6        0x0 c:/winavr-20100110/bin/../lib/gcc/avr/4.3.3/../../../../avr/lib/avr4/crtm8.o
                0x000000e6                __init
 *(.init0)
 *(.init1)
 *(.init1)
 *(.init2)
 .init2         0x000000e6        0xc c:/winavr-20100110/bin/../lib/gcc/avr/4.3.3/../../../../avr/lib/avr4/crtm8.o
 *(.init2)
 *(.init3)
 *(.init3)
 *(.init4)
 .init4         0x000000f2       0x16 c:/winavr-20100110/bin/../lib/gcc/avr/4.3.3/avr4\libgcc.a(_copy_data.o)
                0x000000f2                __do_copy_data
 .init4         0x00000108       0x10 c:/winavr-20100110/bin/../lib/gcc/avr/4.3.3/avr4\libgcc.a(_clear_bss.o)
                0x00000108                __do_clear_bss
 *(.init4)
 *(.init5)
 *(.init5)
 *(.init6)
 *(.init6)
 *(.init7)
 *(.init7)
 *(.init8)
 *(.init8)
 *(.init9)
 .init9         0x00000118        0x4 c:/winavr-20100110/bin/../lib/gcc/avr/4.3.3/../../../../avr/lib/avr4/crtm8.o
 *(.init9)
 *(.text)
 .text          0x0000011c        0x2 c:/winavr-20100110/bin/../lib/gcc/avr/4.3.3/../../../../avr/lib/avr4/crtm8.o
                0x0000011c                __vector_12
                0x0000011c                __bad_interrupt
                0x0000011c                __vector_6
                0x0000011c                __vector_3
                0x0000011c                __vector_11
                0x0000011c                __vector_13
                0x0000011c                __vector_17
                0x0000011c                __vector_7
                0x0000011c                __vector_5
                0x0000011c                __vector_4
                0x0000011c                __vector_9
                0x0000011c                __vector_2
                0x0000011c                __vector_15
                0x0000011c                __vector_8
                0x0000011c                __vector_14
                0x0000011c                __vector_10
                0x0000011c                __vector_16
                0x0000011c                __vector_18
 .text          0x0000011e      0x2ac usbdrvasm.o
                0x00000150                __vector_1
                0x0000011e                usbCrc16
                0x00000148                usbCrc16Append
 .text          0x000003ca      0x2e6 usbdrv.o
                0x00000430                usbPoll
                0x000003e4                usbSetInterrupt
                0x000003ca                usbInit
 .text          0x000006b0        0x0 oddebug.o
 .text          0x000006b0      0x3c6 main.o
                0x0000070a                usbFunctionWriteOut
                0x000006b0                usbFunctionDescriptor
                0x000006d8                usbFunctionSetup
                0x00000730                mutematrix
                0x0000070c                adc
                0x00000808                main
                0x0000073c                scanKeys
                0x000006f2                usbFunctionRead
                0x00000706                usbFunctionWrite
 .text          0x00000a76        0x0 c:/winavr-20100110/bin/../lib/gcc/avr/4.3.3/avr4\libgcc.a(_divmodhi4.o)
 .text          0x00000a76        0x0 c:/winavr-20100110/bin/../lib/gcc/avr/4.3.3/avr4\libgcc.a(_exit.o)
 .text          0x00000a76        0x0 c:/winavr-20100110/bin/../lib/gcc/avr/4.3.3/avr4\libgcc.a(_copy_data.o)
 .text          0x00000a76        0x0 c:/winavr-20100110/bin/../lib/gcc/avr/4.3.3/avr4\libgcc.a(_clear_bss.o)
 .text          0x00000a76        0x0 c:/winavr-20100110/bin/../lib/gcc/avr/4.3.3/avr4\libgcc.a(_udivmodhi4.o)
 .text          0x00000a76        0x0 c:/winavr-20100110/bin/../lib/gcc/avr/4.3.3/../../../../avr/lib/avr4\libc.a(memset.o)
                0x00000a76                . = ALIGN (0x2)
 *(.text.*)
 .text.libgcc   0x00000a76       0x26 c:/winavr-20100110/bin/../lib/gcc/avr/4.3.3/avr4\libgcc.a(_divmodhi4.o)
                0x00000a76                __divmodhi4
                0x00000a76                _div
 .text.libgcc   0x00000a9c        0x0 c:/winavr-20100110/bin/../lib/gcc/avr/4.3.3/avr4\libgcc.a(_exit.o)
 .text.libgcc   0x00000a9c        0x0 c:/winavr-20100110/bin/../lib/gcc/avr/4.3.3/avr4\libgcc.a(_copy_data.o)
 .text.libgcc   0x00000a9c        0x0 c:/winavr-20100110/bin/../lib/gcc/avr/4.3.3/avr4\libgcc.a(_clear_bss.o)
 .text.libgcc   0x00000a9c       0x28 c:/winavr-20100110/bin/../lib/gcc/avr/4.3.3/avr4\libgcc.a(_udivmodhi4.o)
                0x00000a9c                __udivmodhi4
 .text.avr-libc
                0x00000ac4        0xe c:/winavr-20100110/bin/../lib/gcc/avr/4.3.3/../../../../avr/lib/avr4\libc.a(memset.o)
                0x00000ac4                memset
                0x00000ad2                . = ALIGN (0x2)
 *(.fini9)
 .fini9         0x00000ad2        0x0 c:/winavr-20100110/bin/../lib/gcc/avr/4.3.3/avr4\libgcc.a(_exit.o)
                0x00000ad2                exit
                0x00000ad2                _exit
 *(.fini9)
 *(.fini8)
 *(.fini8)
 *(.fini7)
 *(.fini7)
 *(.fini6)
 *(.fini6)
 *(.fini5)
 *(.fini5)
 *(.fini4)
 *(.fini4)
 *(.fini3)
 *(.fini3)
 *(.fini2)
 *(.fini2)
 *(.fini1)
 *(.fini1)
 *(.fini0)
 .fini0         0x00000ad2        0x4 c:/winavr-20100110/bin/../lib/gcc/avr/4.3.3/avr4\libgcc.a(_exit.o)
 *(.fini0)
                0x00000ad6                _etext = .

.data           0x00800060       0x12 load address 0x00000ad6
                0x00800060                PROVIDE (__data_start, .)
 *(.data)
 .data          0x00800060        0x0 c:/winavr-20100110/bin/../lib/gcc/avr/4.3.3/../../../../avr/lib/avr4/crtm8.o
 .data          0x00800060        0x0 usbdrvasm.o
 .data          0x00800060        0x2 usbdrv.o
                0x00800060                usbTxLen
 .data          0x00800062        0x0 oddebug.o
 .data          0x00800062       0x10 main.o
 .data          0x00800072        0x0 c:/winavr-20100110/bin/../lib/gcc/avr/4.3.3/avr4\libgcc.a(_divmodhi4.o)
 .data          0x00800072        0x0 c:/winavr-20100110/bin/../lib/gcc/avr/4.3.3/avr4\libgcc.a(_exit.o)
 .data          0x00800072        0x0 c:/winavr-20100110/bin/../lib/gcc/avr/4.3.3/avr4\libgcc.a(_copy_data.o)
 .data          0x00800072        0x0 c:/winavr-20100110/bin/../lib/gcc/avr/4.3.3/avr4\libgcc.a(_clear_bss.o)
 .data          0x00800072        0x0 c:/winavr-20100110/bin/../lib/gcc/avr/4.3.3/avr4\libgcc.a(_udivmodhi4.o)
 .data          0x00800072        0x0 c:/winavr-20100110/bin/../lib/gcc/avr/4.3.3/../../../../avr/lib/avr4\libc.a(memset.o)
 *(.data*)
 *(.rodata)
 *(.rodata*)
 *(.gnu.linkonce.d*)
                0x00800072                . = ALIGN (0x2)
                0x00800072                _edata = .
                0x00800072                PROVIDE (__data_end, .)

.bss            0x00800072       0x3a
                0x00800072                PROVIDE (__bss_start, .)
 *(.bss)
 .bss           0x00800072        0x0 c:/winavr-20100110/bin/../lib/gcc/avr/4.3.3/../../../../avr/lib/avr4/crtm8.o
 .bss           0x00800072        0x0 usbdrvasm.o
 .bss           0x00800072        0x1 usbdrv.o
 .bss           0x00800073        0x0 oddebug.o
 .bss           0x00800073        0x3 main.o
                0x00800073                j
 .bss           0x00800076        0x0 c:/winavr-20100110/bin/../lib/gcc/avr/4.3.3/avr4\libgcc.a(_divmodhi4.o)
 .bss           0x00800076        0x0 c:/winavr-20100110/bin/../lib/gcc/avr/4.3.3/avr4\libgcc.a(_exit.o)
 .bss           0x00800076        0x0 c:/winavr-20100110/bin/../lib/gcc/avr/4.3.3/avr4\libgcc.a(_copy_data.o)
 .bss           0x00800076        0x0 c:/winavr-20100110/bin/../lib/gcc/avr/4.3.3/avr4\libgcc.a(_clear_bss.o)
 .bss           0x00800076        0x0 c:/winavr-20100110/bin/../lib/gcc/avr/4.3.3/avr4\libgcc.a(_udivmodhi4.o)
 .bss           0x00800076        0x0 c:/winavr-20100110/bin/../lib/gcc/avr/4.3.3/../../../../avr/lib/avr4\libc.a(memset.o)
 *(.bss*)
 *(COMMON)
 COMMON         0x00800076       0x36 usbdrv.o
                0x00800076                usbTxBuf
                0x00800081                usbTxStatus1
                0x0080008d                usbDeviceAddr
                0x0080008e                usbRxToken
                0x0080008f                usbInputBufOffset
                0x00800090                usbMsgPtr
                0x00800092                usbRxLen
                0x00800093                usbNewDeviceAddr
                0x00800094                usbCurrentTok
                0x00800095                usbConfiguration
                0x00800096                usbRxBuf
                0x008000ac                PROVIDE (__bss_end, .)
                0x00000ad6                __data_load_start = LOADADDR (.data)
                0x00000ae8                __data_load_end = (__data_load_start + SIZEOF (.data))

.noinit         0x008000ac        0x0
                0x008000ac                PROVIDE (__noinit_start, .)
 *(.noinit*)
                0x008000ac                PROVIDE (__noinit_end, .)
                0x008000ac                _end = .
                0x008000ac                PROVIDE (__heap_start, .)

.eeprom         0x00810000        0x0
 *(.eeprom*)
                0x00810000                __eeprom_end = .

.fuse
 *(.fuse)
 *(.lfuse)
 *(.hfuse)
 *(.efuse)

.lock
 *(.lock*)

.signature
 *(.signature*)

.stab
 *(.stab)

.stabstr
 *(.stabstr)

.stab.excl
 *(.stab.excl)

.stab.exclstr
 *(.stab.exclstr)

.stab.index
 *(.stab.index)

.stab.indexstr
 *(.stab.indexstr)

.comment
 *(.comment)

.debug
 *(.debug)

.line
 *(.line)

.debug_srcinfo
 *(.debug_srcinfo)

.debug_sfnames
 *(.debug_sfnames)

.debug_aranges  0x00000000       0x40
 *(.debug_aranges)
 .debug_aranges
                0x00000000       0x20 usbdrv.o
 .debug_aranges
                0x00000020       0x20 main.o

.debug_pubnames
                0x00000000      0x232
 *(.debug_pubnames)
 .debug_pubnames
                0x00000000      0x159 usbdrv.o
 .debug_pubnames
                0x00000159       0xd9 main.o

.debug_info     0x00000000     0x103b
 *(.debug_info)
 .debug_info    0x00000000      0x8f2 usbdrv.o
 .debug_info    0x000008f2       0x64 oddebug.o
 .debug_info    0x00000956      0x6e5 main.o
 *(.gnu.linkonce.wi.*)

.debug_abbrev   0x00000000      0x5e7
 *(.debug_abbrev)
 .debug_abbrev  0x00000000      0x2b0 usbdrv.o
 .debug_abbrev  0x000002b0       0x33 oddebug.o
 .debug_abbrev  0x000002e3      0x304 main.o

.debug_line     0x00000000      0x9ea
 *(.debug_line)
 .debug_line    0x00000000      0x425 usbdrv.o
 .debug_line    0x00000425       0x3e oddebug.o
 .debug_line    0x00000463      0x587 main.o

.debug_frame    0x00000000       0xe0
 *(.debug_frame)
 .debug_frame   0x00000000       0x40 usbdrv.o
 .debug_frame   0x00000040       0xa0 main.o

.debug_str      0x00000000      0x51f
 *(.debug_str)
 .debug_str     0x00000000      0x3aa usbdrv.o
                                0x3ec (size before relaxing)
 .debug_str     0x000003aa       0x14 oddebug.o
                                 0xb5 (size before relaxing)
 .debug_str     0x000003be      0x161 main.o
                                0x2d5 (size before relaxing)

.debug_loc      0x00000000      0x5ac
 *(.debug_loc)
 .debug_loc     0x00000000      0x410 usbdrv.o
 .debug_loc     0x00000410      0x19c main.o

.debug_macinfo
 *(.debug_macinfo)
OUTPUT(midimega.elf elf32-avr)
LOAD linker stubs

.debug_ranges   0x00000000       0xc8
 .debug_ranges  0x00000000       0x80 usbdrv.o
 .debug_ranges  0x00000080       0x48 main.o
